// Vitest Snapshot v1, https://vitest.dev/guide/snapshot.html

exports[`react app > all the card field import properly > 
    Object {
      "name": "The Modern JavaScript Tutorial",
      "country": "Russia",
      "author: "Ilya Kantor",
      "genre": "tutorial",
      "likes": 2,
      "picture": "https://i.livelib.ru/workpic/1001593289/200/a57d/Ilya_Kantor__Sovremennyj_uchebnik_JavaScript.jpg"
    }
     1`] = `
{
  "author": "Ilya Kantor",
  "country": "Russia",
  "genre": "tutorial",
  "likes": 2,
  "name": "The Modern JavaScript Tutorial",
  "picture": "https://i.livelib.ru/workpic/1001593289/200/a57d/Ilya_Kantor__Sovremennyj_uchebnik_JavaScript.jpg",
  "price": 59,
  "year": 2007,
}
`;
